\BOOKMARK [0][-]{part.1}{\376\377\000I\000\040\000U\000n\000d\000e\000r\000a\000c\000t\000u\000a\000t\000e\000d\000\040\000j\000o\000i\000n\000t\000\040\000t\000r\000a\000i\000n\000i\000n\000g}{}% 1
\BOOKMARK [1][-]{section.1}{\376\377\000O\000v\000e\000r\000v\000i\000e\000w}{part.1}% 2
\BOOKMARK [1][-]{section.2}{\376\377\000S\000e\000t\000u\000p\000\040\000a\000n\000d\000\040\000r\000e\000a\000l\000i\000z\000a\000b\000l\000e\000\040\000a\000s\000s\000u\000m\000p\000t\000i\000o\000n\000s}{part.1}% 3
\BOOKMARK [1][-]{section.3}{\376\377\000T\000h\000e\000\040\000v\000e\000c\000t\000o\000r\000\040\000r\000e\000l\000a\000t\000i\000v\000e\000\040\000d\000e\000g\000r\000e\000e\000\040\000o\000f\000\040\000a\000\040\000h\000a\000n\000d\000-\000d\000e\000s\000i\000g\000n\000e\000d\000\040\000h}{part.1}% 4
\BOOKMARK [1][-]{section.4}{\376\377\000P\000N\000C\000B\000F\000\040\000c\000o\000l\000l\000a\000p\000s\000e\000s\000\040\000t\000h\000e\000\040\000r\000e\000l\000a\000t\000i\000v\000e\000\040\000d\000e\000g\000r\000e\000e\000\040\000t\000o\000\040\000o\000n\000e}{part.1}% 5
\BOOKMARK [1][-]{section.5}{\376\377\000C\000o\000n\000t\000r\000o\000l\000l\000a\000b\000i\000l\000i\000t\000y\000:\000\040\000m\000e\000a\000s\000u\000r\000e\000\040\000o\000f\000\040\000t\000h\000e\000\040\000d\000e\000g\000e\000n\000e\000r\000a\000c\000y\000\040\000s\000e\000t}{part.1}% 6
\BOOKMARK [1][-]{section.6}{\376\377\000F\000e\000a\000s\000i\000b\000i\000l\000i\000t\000y\000\040\000o\000f\000\040\000t\000h\000e\000\040\000l\000e\000a\000r\000n\000e\000d\000\040\000f\000i\000l\000t\000e\000r\000\040\000i\000n\000\040\000t\000h\000e\000\040\000i\000n\000p\000u\000t\000\040\000b\000o\000x}{part.1}% 7
\BOOKMARK [1][-]{section.7}{\376\377\000J\000o\000i\000n\000t\000\040\000t\000r\000a\000i\000n\000i\000n\000g\000:\000\040\000g\000r\000a\000d\000i\000e\000n\000t\000\040\000s\000u\000r\000v\000i\000v\000a\000l\000\040\000t\000h\000r\000o\000u\000g\000h\000\040\000t\000h\000e\000\040\000f\000i\000l\000t\000e\000r}{part.1}% 8
\BOOKMARK [1][-]{section.8}{\376\377\000O\000b\000s\000e\000r\000v\000a\000t\000i\000o\000n\000\040\000s\000u\000f\000f\000i\000c\000i\000e\000n\000c\000y\000:\000\040\000q\000u\000o\000t\000i\000e\000n\000t\000i\000n\000g\000\040\000b\000y\000\040\000t\000h\000e\000\040\000s\000y\000m\000m\000e\000t\000r\000y\000\040\000o\000f\000\040\000t\000h\000e\000\040\000d\000y\000n\000a\000m\000i\000c\000s}{part.1}% 9
\BOOKMARK [1][-]{section.9}{\376\377\000L\000i\000v\000e\000n\000e\000s\000s\000:\000\040\000a\000\040\000r\000e\000a\000c\000h\040\023\000a\000v\000o\000i\000d\000\040\000c\000e\000r\000t\000i\000f\000i\000c\000a\000t\000e\000\040\000f\000o\000r\000\040\000g\000o\000a\000l\000-\000r\000e\000a\000c\000h\000i\000n\000g}{part.1}% 10
\BOOKMARK [1][-]{section.10}{\376\377\000V\000i\000a\000b\000i\000l\000i\000t\000y\000-\000c\000o\000n\000s\000i\000s\000t\000e\000n\000t\000\040\000l\000a\000b\000e\000l\000i\000n\000g\000:\000\040\000t\000h\000e\000\040\000c\000a\000n\000d\000i\000d\000a\000t\000e\000-\000s\000e\000t\000\040\000r\000e\000c\000u\000r\000s\000i\000o\000n}{part.1}% 11
\BOOKMARK [1][-]{section.11}{\376\377\000T\000h\000e\000\040\000d\000e\000p\000l\000o\000y\000e\000d\000\040\000h\000a\000z\000a\000r\000d\000\040\000a\000n\000d\000\040\000i\000t\000s\000\040\000v\000e\000r\000t\000i\000c\000a\000l\000\040\000e\000x\000t\000e\000n\000s\000i\000o\000n}{part.1}% 12
\BOOKMARK [1][-]{section.12}{\376\377\000A\000n\000\040\000a\000l\000t\000i\000t\000u\000d\000e\000-\000h\000o\000l\000d\000i\000n\000g\000\040\000l\000i\000m\000i\000t\000,\000\040\000a\000n\000d\000\040\000t\000h\000e\000\040\000m\000a\000s\000s\000\040\000t\000h\000e\000\040\000I\000C\000\040\000d\000i\000s\000t\000r\000i\000b\000u\000t\000i\000o\000n\000\040\000p\000l\000a\000c\000e\000s\000\040\000b\000e\000y\000o\000n\000d\000\040\000i\000t}{part.1}% 13
\BOOKMARK [1][-]{section.13}{\376\377\000W\000h\000e\000r\000e\000\040\000t\000h\000e\000\040\000l\000e\000a\000r\000n\000e\000d\000\040\000c\000e\000r\000t\000i\000f\000i\000c\000a\000t\000e\000'\000s\000\040\000a\000u\000t\000h\000o\000r\000i\000t\000y\000\040\000l\000i\000v\000e\000s}{part.1}% 14
\BOOKMARK [1][-]{section.14}{\376\377\000V\000e\000l\000o\000c\000i\000t\000y\000\040\000s\000e\000n\000s\000i\000t\000i\000v\000i\000t\000y\000\040\000o\000f\000\040\000t\000h\000e\000\040\000a\000v\000o\000i\000d\000\040\000v\000a\000l\000u\000e\000\040\000a\000s\000\040\000a\000\040\000c\000o\000m\000p\000e\000t\000e\000n\000c\000e\000\040\000m\000e\000a\000s\000u\000r\000e}{part.1}% 15
\BOOKMARK [1][-]{section.15}{\376\377\000T\000h\000e\000\040\000i\000n\000f\000e\000a\000s\000i\000b\000l\000e\000\040\000b\000r\000a\000n\000c\000h\000\040\000a\000s\000\040\000a\000\040\000d\000e\000g\000e\000n\000e\000r\000a\000c\000y\000\040\000d\000i\000s\000t\000i\000n\000c\000t\000\040\000f\000r\000o\000m\000\040\000Z}{part.1}% 16
\BOOKMARK [1][-]{section.16}{\376\377\000R\000e\000t\000r\000a\000c\000t\000i\000o\000n}{part.1}% 17
\BOOKMARK [1][-]{section.17}{\376\377\000T\000h\000e\000\040\000d\000e\000p\000l\000o\000y\000m\000e\000n\000t\000\040\000p\000e\000r\000i\000o\000d\000\040\000a\000s\000\040\000a\000\040\000s\000a\000m\000p\000l\000e\000d\000-\000d\000a\000t\000a\000\040\000p\000a\000r\000a\000m\000e\000t\000e\000r}{part.1}% 18
\BOOKMARK [1][-]{section.18}{\376\377\000T\000h\000e\000\040\000d\000e\000p\000l\000o\000y\000e\000d\000\040\000f\000i\000l\000t\000e\000r\000\040\000i\000s\000\040\000a\000\040\000s\000e\000l\000e\000c\000t\000i\000o\000n\000,\000\040\000n\000o\000t\000\040\000a\000\040\000p\000r\000o\000j\000e\000c\000t\000i\000o\000n}{part.1}% 19
\BOOKMARK [1][-]{section.19}{\376\377\000D\000e\000p\000l\000o\000y\000m\000e\000n\000t\000\040\000r\000e\000g\000u\000l\000a\000r\000i\000t\000y\000:\000\040\000r\000a\000t\000e\000,\000\040\000c\000h\000a\000t\000t\000e\000r\000,\000\040\000a\000n\000d\000\040\000l\000a\000g}{part.1}% 20
\BOOKMARK [1][-]{section.20}{\376\377\000C\000o\000r\000r\000e\000c\000t\000i\000o\000n\000s\000\040\000t\000o\000\040\000e\000a\000r\000l\000i\000e\000r\000\040\000s\000t\000a\000t\000e\000m\000e\000n\000t\000s}{part.1}% 21
\BOOKMARK [0][-]{part.2}{\376\377\000I\000I\000\040\000D\000o\000u\000b\000l\000e\000\040\000i\000n\000t\000e\000g\000r\000a\000t\000o\000r\000,\000\040\000s\000e\000l\000f\000-\000c\000o\000n\000d\000i\000t\000i\000o\000n\000i\000n\000g}{}% 22
\BOOKMARK [1][-]{section.21}{\376\377\000O\000v\000e\000r\000v\000i\000e\000w}{part.2}% 23
\BOOKMARK [1][-]{section.22}{\376\377\000S\000e\000t\000u\000p}{part.2}% 24
\BOOKMARK [1][-]{section.23}{\376\377\000S\000a\000f\000e\000t\000y\000\040\000c\000h\000a\000n\000n\000e\000l\000\040\000u\000n\000d\000e\000r\000\040\000e\000x\000a\000c\000t\000\040\000c\000o\000n\000d\000i\000t\000i\000o\000n\000i\000n\000g}{part.2}% 25
\BOOKMARK [1][-]{section.24}{\376\377\000C\000o\000n\000t\000r\000o\000l\000\040\000a\000u\000t\000h\000o\000r\000i\000t\000y\000\040\000o\000f\000\040\000t\000h\000e\000\040\000c\000o\000n\000d\000i\000t\000i\000o\000n\000i\000n\000g\000\040\000v\000a\000l\000u\000e}{part.2}% 26
\BOOKMARK [1][-]{section.25}{\376\377\000P\000e\000r\000f\000o\000r\000m\000a\000n\000c\000e\000\040\000c\000h\000a\000n\000n\000e\000l}{part.2}% 27
\BOOKMARK [1][-]{section.26}{\376\377\000E\000x\000a\000c\000t\000\040\000p\000o\000l\000i\000c\000y\000\040\000i\000t\000e\000r\000a\000t\000i\000o\000n}{part.2}% 28
\BOOKMARK [1][-]{section.27}{\376\377\000D\000e\000g\000e\000n\000e\000r\000a\000c\000y\000\040\000o\000f\000\040\000s\000e\000l\000f\000-\000r\000e\000f\000e\000r\000e\000n\000t\000i\000a\000l\000\040\000e\000v\000a\000l\000u\000a\000t\000i\000o\000n}{part.2}% 29
\BOOKMARK [1][-]{section.28}{\376\377\000T\000h\000e\000\040\000i\000m\000p\000l\000e\000m\000e\000n\000t\000e\000d\000\040\000l\000a\000b\000e\000l\000\040\000o\000p\000e\000r\000a\000t\000o\000r\000:\000\040\000t\000h\000e\000\040\000m\000i\000x\000e\000d\000\040\000e\000s\000t\000i\000m\000a\000t\000o\000r}{part.2}% 30
\BOOKMARK [1][-]{section.29}{\376\377\000E\000r\000r\000o\000r\000\040\000b\000u\000d\000g\000e\000t\000\040\000f\000o\000r\000\040\000a\000\040\000l\000e\000a\000r\000n\000e\000d\000,\000\040\000d\000i\000s\000c\000o\000u\000n\000t\000e\000d\000\040\000v\000a\000l\000u\000e}{part.2}% 31
\BOOKMARK [1][-]{section.30}{\376\377\000O\000p\000t\000i\000m\000a\000l\000i\000t\000y\000-\000g\000a\000p\000\040\000d\000e\000c\000o\000m\000p\000o\000s\000i\000t\000i\000o\000n}{part.2}% 32
\BOOKMARK [1][-]{section.31}{\376\377\000C\000a\000n\000d\000i\000d\000a\000t\000e\000\040\000m\000e\000c\000h\000a\000n\000i\000s\000m\000s\000:\000\040\000f\000o\000r\000m\000a\000l\000\040\000g\000u\000a\000r\000a\000n\000t\000e\000e\000s}{part.2}% 33
\BOOKMARK [1][-]{section.32}{\376\377\000M\000e\000a\000s\000u\000r\000e\000m\000e\000n\000t\000\040\000m\000a\000p\000\040\000a\000n\000d\000\040\000d\000e\000p\000e\000n\000d\000e\000n\000c\000y\000\040\000m\000a\000p}{part.2}% 34
\BOOKMARK [1][-]{section.33}{\376\377\000C\000o\000m\000p\000a\000r\000i\000s\000o\000n\000\040\000o\000f\000\040\000c\000o\000n\000d\000i\000t\000i\000o\000n\000i\000n\000g\000\040\000s\000c\000h\000e\000m\000e\000s}{part.2}% 35
\BOOKMARK [1][-]{section.34}{\376\377\000O\000p\000e\000n\000\040\000p\000r\000o\000b\000l\000e\000m\000s}{part.2}% 36
